Microchip MPLAB XC8 Compiler V2.40

Linker command line:

-W-3 \
  --edf=C:\Program Files\Microchip\xc8\v2.40\pic\dat\20220703182018_en.msgs \
  -cn -h+dist/default/production\Digital_2.X.production.sym \
  --cmf=dist/default/production\Digital_2.X.production.cmf -z -Q16F887 \
  -oC:\Users\pablo\AppData\Local\Temp\xcAsmac.4 --defsym=__MPLAB_BUILD=1 \
  --fixupoverflow=error \
  -Mdist/default/production/Digital_2.X.production.map \
  --md=C:\Users\pablo\AppData\Local\Temp\xcAsmac.dat -E1 -ver=XC8 Compiler \
  --acfsm=1493 -ACODE=00h-07FFhx4 -ASTRCODE=00h-01FFFh -ASTRING=00h-0FFhx32 \
  -ACONST=00h-0FFhx32 -AENTRY=00h-0FFhx32 -ACOMMON=070h-07Fh \
  -ABANK0=020h-06Fh -ABANK1=0A0h-0EFh -ABANK2=0110h-016Fh \
  -ABANK3=0190h-01EFh -ARAM=020h-06Fh,0A0h-0EFh,0110h-016Fh,0190h-01EFh \
  -AABS1=020h-07Fh,0A0h-0EFh,0110h-016Fh,0190h-01EFh -ASFR0=00h-01Fh \
  -ASFR1=080h-09Fh -ASFR2=0100h-010Fh -ASFR3=0180h-018Fh \
  -ACONFIG=02007h-02008h -DCONFIG=2 -AIDLOC=02000h-02003h -DIDLOC=2 \
  -AEEDATA=00h-0FFh/02100h -peeprom_data=EEDATA -DEEDATA=2 -DCODE=2 \
  -DSTRCODE=2 -DSTRING=2 -DCONST=2 -DENTRY=2 \
  -preset_vec=00h,intentry=04h,init,end_init -ppowerup=CODE -pcinit=CODE \
  -pfunctab=ENTRY -k C:\Users\pablo\AppData\Local\Temp\xcAsmac.o \
  dist/default/production\Digital_2.X.production.o 

Object code version is 3.11

Machine type is 16F887



                Name                               Link     Load   Length Selector   Space Scale
C:\Users\pablo\AppData\Local\Temp\xcAsmac.o
                end_init                              E        E        3        8       0
                reset_vec                             0        0        3        0       0
                config                             2007     2007        2        0       4
                idloc                              2000     2000        4        0       5
dist/default/production\Digital_2.X.production.o
                cinit                                11       11       12        8       0
                intentry                              4        4        A        8       0
                config                             2007     2007        2        0       4
                idloc                              2000     2000        4        0       5
                text13                              4C0      4C0        5        8       0
                text12                               E0       E0       A0        8       0
                text11                              383      383       5B        8       0
                text10                              2BF      2BF       67        8       0
                text9                               256      256       69        8       0
                text8                               3DE      3DE       46        8       0
                text7                               1ED      1ED       69        8       0
                text6                               461      461       27        8       0
                text5                               326      326       5D        8       0
                text4                                23       23       BD        8       0
                text3                               4AD      4AD       13        8       0
                text2                               180      180       6D        8       0
                text1                               488      488       25        8       0
                maintext                            424      424       3D        8       0
                cstackBANK0                          20       20       21       20       1
                cstackCOMMON                         70       70        E       70       1
                bssBANK0                             41       41        C       20       1

TOTAL           Name                               Link     Load   Length     Space
        CLASS   CODE           
                end_init                              E        E        3         0
                cinit                                11       11       12         0
                intentry                              4        4        A         0
                reset_vec                             0        0        3         0
                text13                              4C0      4C0        5         0
                text12                               E0       E0       A0         0
                text11                              383      383       5B         0
                text10                              2BF      2BF       67         0
                text9                               256      256       69         0
                text8                               3DE      3DE       46         0
                text7                               1ED      1ED       69         0
                text6                               461      461       27         0
                text5                               326      326       5D         0
                text4                                23       23       BD         0
                text3                               4AD      4AD       13         0
                text2                               180      180       6D         0
                text1                               488      488       25         0
                maintext                            424      424       3D         0

        CLASS   STRCODE        

        CLASS   STRING         

        CLASS   CONST          

        CLASS   ENTRY          

        CLASS   COMMON         
                cstackCOMMON                         70       70        E         1

        CLASS   BANK0          
                cstackBANK0                          20       20       21         1
                bssBANK0                             41       41        C         1

        CLASS   BANK1          

        CLASS   BANK2          

        CLASS   BANK3          

        CLASS   RAM            

        CLASS   ABS1           
                abs_s1                               7E       7E        2         1

        CLASS   SFR0           

        CLASS   SFR1           

        CLASS   SFR2           

        CLASS   SFR3           

        CLASS   CONFIG         
                config                             2007     2007        2         4

        CLASS   IDLOC          
                idloc                              2000     2000        4         5

        CLASS   EEDATA         

        CLASS   STACK          



SEGMENTS        Name                           Load    Length   Top    Selector   Space  Class     Delta

                reset_vec                      000000  000003  000003         0       0  CODE        2
                intentry                       000004  0004C1  0004C5         8       0  CODE        2
                cstackBANK0                    000020  00002D  00004D        20       1  BANK0       1
                cstackCOMMON                   000070  00000E  00007E        70       1  COMMON      1


UNUSED ADDRESS RANGES

        Name                Unused          Largest block    Delta
        BANK0            004D-006F             23           1
        BANK1            00A0-00EF             50           1
        BANK2            0110-016F             60           1
        BANK3            0190-01EF             60           1
        CODE             0003-0003              1           2
                         04C5-1FFF            800
        CONST            0003-0003              1           2
                         04C5-1FFF            100
        EEDATA           2100-21FF            100           2
        ENTRY            0003-0003              1           2
                         04C5-1FFF            100
        RAM              004D-006F             23           1
                         00A0-00EF             50
                         0110-016F             60
                         0190-01EF             60
        SFR0             0000-001F             20           1
        SFR1             0080-009F             20           1
        SFR2             0100-010F             10           1
        SFR3             0180-018F             10           1
        STRCODE          0003-0003              1           2
                         04C5-1FFF           1B3B
        STRING           0003-0003              1           2
                         04C5-1FFF            100

                                  Symbol Table

?___awdiv                cstackBANK0  0028
?___awmod                cstackCOMMON 0079
?___wmul                 cstackBANK0  0031
?i1___awdiv              cstackCOMMON 0070
TMR0_Init@periodo_ms     cstackBANK0  0037
TMR0_Init@prescaler      cstackBANK0  0039
_ADCON0bits              (abs)        001F
_ADCON1bits              (abs)        009F
_ADIF                    (abs)        0066
_ADRESH                  (abs)        001E
_ANSEL                   (abs)        0188
_ANSELH                  (abs)        0189
_INTCONbits              (abs)        000B
_IOCBbits                (abs)        0096
_OPTION_REGbits          (abs)        0081
_OSCCONbits              (abs)        008F
_PIE1bits                (abs)        008C
_PIR1bits                (abs)        000C
_PORTA                   (abs)        0005
_PORTAbits               (abs)        0005
_PORTB                   (abs)        0006
_PORTBbits               (abs)        0006
_PORTC                   (abs)        0007
_PORTD                   (abs)        0008
_PORTE                   (abs)        0009
_RBIE                    (abs)        005B
_T0IF                    (abs)        005A
_TMR0                    (abs)        0001
_TMR0_Init               text5        0326
_TMR0_Init$1202          cstackBANK0  003F
_TMR0_Reset              text13       04C0
_TMR0_Value              bssBANK0     004B
_TRISA                   (abs)        0085
_TRISAbits               (abs)        0085
_TRISB                   (abs)        0086
_TRISBbits               (abs)        0086
_TRISC                   (abs)        0087
_TRISD                   (abs)        0088
_TRISE                   (abs)        0089
_WPUBbits                (abs)        0095
__Habs1                  abs1         0000
__Hbank0                 bank0        0000
__Hbank1                 bank1        0000
__Hbank2                 bank2        0000
__Hbank3                 bank3        0000
__HbssBANK0              bssBANK0     0000
__Hcinit                 cinit        0023
__Hclrtext               clrtext      0000
__Hcode                  code         0000
__Hcommon                common       0000
__Hconfig                config       2009
__HcstackBANK0           cstackBANK0  0000
__HcstackCOMMON          cstackCOMMON 0000
__Heeprom_data           eeprom_data  0000
__Hend_init              end_init     0011
__Hfunctab               functab      0000
__Hidloc                 idloc        2004
__Hinit                  init         000E
__Hintentry              intentry     000E
__Hmaintext              maintext     0000
__Hpowerup               powerup      0000
__Hram                   ram          0000
__Hreset_vec             reset_vec    0003
__Hsfr0                  sfr0         0000
__Hsfr1                  sfr1         0000
__Hsfr2                  sfr2         0000
__Hsfr3                  sfr3         0000
__Hspace_0               (abs)        04C5
__Hspace_1               (abs)        007E
__Hspace_2               (abs)        0000
__Hspace_3               (abs)        0000
__Hspace_4               (abs)        4010
__Hstack                 stack        0000
__Hstrings               strings      0000
__Htext                  text         0000
__Labs1                  abs1         0000
__Lbank0                 bank0        0000
__Lbank1                 bank1        0000
__Lbank2                 bank2        0000
__Lbank3                 bank3        0000
__LbssBANK0              bssBANK0     0000
__Lcinit                 cinit        0011
__Lclrtext               clrtext      0000
__Lcode                  code         0000
__Lcommon                common       0000
__Lconfig                config       0000
__LcstackBANK0           cstackBANK0  0000
__LcstackCOMMON          cstackCOMMON 0000
__Leeprom_data           eeprom_data  0000
__Lend_init              end_init     000E
__Lfunctab               functab      0000
__Lidloc                 idloc        0000
__Linit                  init         000E
__Lintentry              intentry     0004
__Lmaintext              maintext     0000
__Lpowerup               powerup      0000
__Lram                   ram          0000
__Lreset_vec             reset_vec    0000
__Lsfr0                  sfr0         0000
__Lsfr1                  sfr1         0000
__Lsfr2                  sfr2         0000
__Lsfr3                  sfr3         0000
__Lspace_0               (abs)        0000
__Lspace_1               (abs)        0000
__Lspace_2               (abs)        0000
__Lspace_3               (abs)        0000
__Lspace_4               (abs)        0000
__Lstack                 stack        0000
__Lstrings               strings      0000
__Ltext                  text         0000
__S0                     (abs)        04C5
__S1                     (abs)        007E
__S3                     (abs)        0000
___awdiv                 text7        01ED
___awdiv@counter         cstackBANK0  002D
___awdiv@dividend        cstackBANK0  002A
___awdiv@divisor         cstackBANK0  0028
___awdiv@quotient        cstackBANK0  002F
___awdiv@sign            cstackBANK0  002E
___awmod                 text11       0383
___awmod@counter         cstackBANK0  0020
___awmod@dividend        cstackCOMMON 007B
___awmod@divisor         cstackCOMMON 0079
___awmod@sign            cstackBANK0  0021
___int_sp                stack        0000
___latbits               (abs)        0002
___sp                    stack        0000
___stackhi               (abs)        0000
___stacklo               (abs)        0000
___wmul                  text6        0461
___wmul@multiplicand     cstackBANK0  0033
___wmul@multiplier       cstackBANK0  0031
___wmul@product          cstackBANK0  0035
__end_of_TMR0_Init       text5        0383
__end_of_TMR0_Reset      text13       04C5
__end_of___awdiv         text7        0256
__end_of___awmod         text11       03DE
__end_of___wmul          text6        0488
__end_of__initialization cinit        001F
__end_of_adc_init        text4        00E0
__end_of_adc_read        text3        04C0
__end_of_change_disp     text12       0180
__end_of_ioc_init        text2        01ED
__end_of_isr             text8        0424
__end_of_main            maintext     0461
__end_of_set_value       text9        02BF
__end_of_setup           text1        04AD
__end_ofi1___awdiv       text10       0326
__initialization         cinit        0011
__pbssBANK0              bssBANK0     0041
__pcstackBANK0           cstackBANK0  0020
__pcstackCOMMON          cstackCOMMON 0070
__pintentry              intentry     0004
__pmaintext              maintext     0424
__ptext1                 text1        0488
__ptext10                text10       02BF
__ptext11                text11       0383
__ptext12                text12       00E0
__ptext13                text13       04C0
__ptext2                 text2        0180
__ptext3                 text3        04AD
__ptext4                 text4        0023
__ptext5                 text5        0326
__ptext6                 text6        0461
__ptext7                 text7        01ED
__ptext8                 text8        03DE
__ptext9                 text9        0256
_adc_init                text4        0023
_adc_read                text3        04AD
_centenas                bssBANK0     0045
_change_disp             text12       00E0
_decenas                 bssBANK0     0047
_ioc_init                text2        0180
_isr                     text8        03DE
_main                    maintext     0424
_miles                   bssBANK0     0043
_set_value               text9        0256
_setup                   text1        0488
_unidades                bssBANK0     0049
_value_disp              bssBANK0     0041
adc_init@channel         cstackBANK0  0028
btemp                    (abs)        007E
end_of_initialization    cinit        001F
i1___awdiv               text10       02BF
i1___awdiv@counter       cstackCOMMON 0075
i1___awdiv@dividend      cstackCOMMON 0072
i1___awdiv@divisor       cstackCOMMON 0070
i1___awdiv@quotient      cstackCOMMON 0077
i1___awdiv@sign          cstackCOMMON 0076
interrupt_function       intentry     0004
intlevel0                functab      0000
intlevel1                functab      0000
intlevel2                functab      0000
intlevel3                functab      0000
intlevel4                functab      0000
intlevel5                functab      0000
ioc_init@pin             cstackBANK0  0028
reset_vec                reset_vec    0000
saved_w                  (abs)        007E
set_value@byte_value     cstackBANK0  0022
start                    init         000E
start_initialization     cinit        0011
wtemp0                   (abs)        007E


MODULE INFORMATION

Module		Function		Class		Link	Load	Size
C:\Program Files\Microchip\xc8\v2.40\pic\sources\c90\common\awdiv.c
		___awdiv       		CODE           	01ED	0000	105

C:\Program Files\Microchip\xc8\v2.40\pic\sources\c90\common\awdiv.c estimated size: 105

ADC_Library.c
		_adc_read      		CODE           	04AD	0000	19
		_adc_init      		CODE           	0023	0000	189

ADC_Library.c estimated size: 208

TMR_Library.c
		_TMR0_Reset    		CODE           	04C0	0000	5
		_TMR0_Init     		CODE           	0326	0000	93

TMR_Library.c estimated size: 98

C:\Program Files\Microchip\xc8\v2.40\pic\sources\c90\common\Umul16.c
		___wmul        		CODE           	0461	0000	39

C:\Program Files\Microchip\xc8\v2.40\pic\sources\c90\common\Umul16.c estimated size: 39

shared
		i1___awdiv     		CODE           	02BF	0000	103
		__initialization		CODE           	0011	0000	14

shared estimated size: 117

POSTLAB_01.c
		_main          		CODE           	0424	0000	61
		_isr           		CODE           	03DE	0000	70
		_setup         		CODE           	0488	0000	37

POSTLAB_01.c estimated size: 168

INTERRUPT_Library.c
		_ioc_init      		CODE           	0180	0000	109

INTERRUPT_Library.c estimated size: 109

FourDISP_Library.c
		_set_value     		CODE           	0256	0000	105
		_change_disp   		CODE           	00E0	0000	160

FourDISP_Library.c estimated size: 265

C:\Program Files\Microchip\xc8\v2.40\pic\sources\c90\common\awmod.c
		___awmod       		CODE           	0383	0000	91

C:\Program Files\Microchip\xc8\v2.40\pic\sources\c90\common\awmod.c estimated size: 91

